[driver] start mode3 100
[batch] run 1: clicked 开始问题3演练测试, waiting runner...
[batch] run 1: success=True cleared=13 V=4547.025367 fallback=0
[batch] run 2: clicked 开始问题3演练测试, waiting runner...
[batch] run 2: success=True cleared=14 V=4222.668334 fallback=0
[batch] run 3: clicked 开始问题3演练测试, waiting runner...
[batch] run 3: success=True cleared=10 V=3732.205208 fallback=0
[batch] run 4: clicked 开始问题3演练测试, waiting runner...
[batch] run 4: success=True cleared=16 V=3779.305476 fallback=0
[batch] run 5: clicked 开始问题3演练测试, waiting runner...
[batch] run 5: success=True cleared=10 V=3481.273222 fallback=0
[batch] run 6: clicked 开始问题3演练测试, waiting runner...
[batch] run 6: success=True cleared=10 V=3920.803595 fallback=0
[batch] run 7: clicked 开始问题3演练测试, waiting runner...
[batch] run 7: success=True cleared=15 V=4373.964889 fallback=0
[batch] run 8: clicked 开始问题3演练测试, waiting runner...
[batch] run 8: success=True cleared=16 V=3892.150983 fallback=0
[batch] run 9: clicked 开始问题3演练测试, waiting runner...
[batch] run 9: success=True cleared=16 V=4090.67512 fallback=0
[batch] run 10: clicked 开始问题3演练测试, waiting runner...
[batch] run 10: success=True cleared=11 V=4089.044841 fallback=0
[batch] run 11: clicked 开始问题3演练测试, waiting runner...
[batch] run 11: success=True cleared=13 V=4895.376124 fallback=0
[batch] run 12: clicked 开始问题3演练测试, waiting runner...
[batch] run 12: success=True cleared=10 V=4182.981921 fallback=0
[batch] run 13: clicked 开始问题3演练测试, waiting runner...
[batch] run 13: success=True cleared=16 V=4507.660628 fallback=0
[batch] run 14: clicked 开始问题3演练测试, waiting runner...
[batch] run 14: success=True cleared=15 V=4062.41013 fallback=0
[batch] run 15: clicked 开始问题3演练测试, waiting runner...
[batch] run 15: success=True cleared=11 V=3875.255158 fallback=0
[batch] run 16: clicked 开始问题3演练测试, waiting runner...
[batch] run 16: success=True cleared=16 V=4355.62842 fallback=0
[batch] run 17: clicked 开始问题3演练测试, waiting runner...
[batch] run 17: success=True cleared=11 V=4089.332819 fallback=0
[batch] run 18: clicked 开始问题3演练测试, waiting runner...
[batch] run 18: success=True cleared=14 V=3558.839016 fallback=0
[batch] run 19: clicked 开始问题3演练测试, waiting runner...
[batch] run 19: success=True cleared=13 V=3926.885845 fallback=0
[batch] run 20: clicked 开始问题3演练测试, waiting runner...
[batch] run 20: success=True cleared=10 V=3948.757128 fallback=0
[batch] run 21: clicked 开始问题3演练测试, waiting runner...
[batch] run 21: success=True cleared=12 V=4113.870796 fallback=0
[batch] run 22: clicked 开始问题3演练测试, waiting runner...
[batch] run 22: success=True cleared=15 V=4328.385221 fallback=0
[batch] run 23: clicked 开始问题3演练测试, waiting runner...
[batch] run 23: success=True cleared=12 V=3894.315051 fallback=0
[batch] run 24: clicked 开始问题3演练测试, waiting runner...
[batch] run 24: success=True cleared=14 V=5026.469924 fallback=0
[batch] run 25: clicked 开始问题3演练测试, waiting runner...
[batch] run 25: success=True cleared=16 V=4233.86704 fallback=0
[batch] run 26: clicked 开始问题3演练测试, waiting runner...
[batch] run 26: success=True cleared=12 V=3802.532245 fallback=0
[batch] run 27: clicked 开始问题3演练测试, waiting runner...
[batch] run 27: success=True cleared=13 V=4423.011669 fallback=0
[batch] run 28: clicked 开始问题3演练测试, waiting runner...
[batch] run 28: success=True cleared=14 V=4559.565164 fallback=0
[batch] run 29: clicked 开始问题3演练测试, waiting runner...
[batch] run 29: success=True cleared=13 V=4000.129395 fallback=0
[batch] run 30: clicked 开始问题3演练测试, waiting runner...
[batch] run 30: success=True cleared=11 V=4287.226531 fallback=0
[batch] run 31: clicked 开始问题3演练测试, waiting runner...
[batch] run 31: success=True cleared=12 V=3947.214371 fallback=0
[batch] run 32: clicked 开始问题3演练测试, waiting runner...
[batch] run 32: success=True cleared=15 V=4502.430685 fallback=0
[batch] run 33: clicked 开始问题3演练测试, waiting runner...
[batch] run 33: success=True cleared=10 V=3992.947408 fallback=0
[batch] run 34: clicked 开始问题3演练测试, waiting runner...
[batch] run 34: success=True cleared=12 V=4192.917147 fallback=0
[batch] run 35: clicked 开始问题3演练测试, waiting runner...
[batch] run 35: success=True cleared=11 V=4330.719388 fallback=0
[batch] run 36: clicked 开始问题3演练测试, waiting runner...
[batch] run 36: success=True cleared=15 V=4403.455442 fallback=0
[batch] run 37: clicked 开始问题3演练测试, waiting runner...
[batch] run 37: success=True cleared=16 V=5139.920129 fallback=0
[batch] run 38: clicked 开始问题3演练测试, waiting runner...
[batch] run 38: success=True cleared=11 V=3956.533045 fallback=0
[batch] run 39: clicked 开始问题3演练测试, waiting runner...
[batch] run 39: success=True cleared=11 V=4158.110393 fallback=0
[batch] run 40: clicked 开始问题3演练测试, waiting runner...
[batch] run 40: success=True cleared=16 V=4338.592355 fallback=0
[batch] run 41: clicked 开始问题3演练测试, waiting runner...
[batch] run 41: success=True cleared=11 V=4151.89164 fallback=0
[batch] run 42: clicked 开始问题3演练测试, waiting runner...
[batch] run 42: success=True cleared=13 V=4256.183578 fallback=0
[batch] run 43: clicked 开始问题3演练测试, waiting runner...
[batch] run 43: success=True cleared=12 V=3819.107618 fallback=0
[batch] run 44: clicked 开始问题3演练测试, waiting runner...
[batch] run 44: success=True cleared=12 V=4225.87885 fallback=0
[batch] run 45: clicked 开始问题3演练测试, waiting runner...
[batch] run 45: success=True cleared=16 V=3860.388536 fallback=0
[batch] run 46: clicked 开始问题3演练测试, waiting runner...
[batch] run 46: success=True cleared=14 V=4425.884524 fallback=0
[batch] run 47: clicked 开始问题3演练测试, waiting runner...
[batch] run 47: success=True cleared=14 V=3873.118347 fallback=0
[batch] run 48: clicked 开始问题3演练测试, waiting runner...
[batch] run 48: success=True cleared=16 V=4362.554155 fallback=0
[batch] run 49: clicked 开始问题3演练测试, waiting runner...
[batch] run 49: success=True cleared=13 V=3918.726612 fallback=0
[batch] run 50: clicked 开始问题3演练测试, waiting runner...
[batch] run 50: success=True cleared=15 V=4183.848514 fallback=0
[batch] run 51: clicked 开始问题3演练测试, waiting runner...
[batch] run 51: success=True cleared=15 V=4743.405811 fallback=0
[batch] run 52: clicked 开始问题3演练测试, waiting runner...
[batch] run 52: success=True cleared=14 V=4317.005043 fallback=0
[batch] run 53: clicked 开始问题3演练测试, waiting runner...
[batch] run 53: success=True cleared=14 V=4860.455279 fallback=0
[batch] run 54: clicked 开始问题3演练测试, waiting runner...
[batch] run 54: success=True cleared=12 V=3977.641642 fallback=0
[batch] run 55: clicked 开始问题3演练测试, waiting runner...
[batch] run 55: success=True cleared=13 V=4092.723485 fallback=0
[batch] run 56: clicked 开始问题3演练测试, waiting runner...
[batch] run 56: success=True cleared=14 V=4159.173119 fallback=0
[batch] run 57: clicked 开始问题3演练测试, waiting runner...
[batch] run 57: success=True cleared=14 V=4285.598428 fallback=0
[batch] run 58: clicked 开始问题3演练测试, waiting runner...
[batch] run 58: success=True cleared=13 V=3896.935957 fallback=0
[batch] run 59: clicked 开始问题3演练测试, waiting runner...
[batch] run 59: success=True cleared=15 V=3931.673897 fallback=0
[batch] run 60: clicked 开始问题3演练测试, waiting runner...
[batch] run 60: success=True cleared=11 V=4048.841209 fallback=0
[batch] run 61: clicked 开始问题3演练测试, waiting runner...
[batch] run 61: success=True cleared=14 V=4035.142971 fallback=0
[batch] run 62: clicked 开始问题3演练测试, waiting runner...
[batch] run 62: success=True cleared=13 V=4751.371959 fallback=0
[batch] run 63: clicked 开始问题3演练测试, waiting runner...
[batch] run 63: success=True cleared=14 V=4339.965521 fallback=0
[batch] run 64: clicked 开始问题3演练测试, waiting runner...
[batch] run 64: success=True cleared=16 V=4336.739671 fallback=0
[batch] run 65: clicked 开始问题3演练测试, waiting runner...
[batch] run 65: success=True cleared=10 V=3749.925812 fallback=0
[batch] run 66: clicked 开始问题3演练测试, waiting runner...
[batch] run 66: success=True cleared=14 V=4479.361797 fallback=0
[batch] run 67: clicked 开始问题3演练测试, waiting runner...
[batch] run 67: success=True cleared=10 V=3587.240675 fallback=0
[batch] run 68: clicked 开始问题3演练测试, waiting runner...
[batch] run 68: success=True cleared=16 V=3987.190781 fallback=0
[batch] run 69: clicked 开始问题3演练测试, waiting runner...
[batch] run 69: success=True cleared=15 V=4117.97174 fallback=0
[batch] run 70: clicked 开始问题3演练测试, waiting runner...
[batch] run 70: success=True cleared=13 V=4276.293128 fallback=0
[batch] run 71: clicked 开始问题3演练测试, waiting runner...
[batch] run 71: success=True cleared=10 V=4227.915068 fallback=0
[batch] run 72: clicked 开始问题3演练测试, waiting runner...
[batch] run 72: success=True cleared=14 V=3625.19905 fallback=0
[batch] run 73: clicked 开始问题3演练测试, waiting runner...
[batch] run 73: success=True cleared=13 V=4253.416806 fallback=0
[batch] run 74: clicked 开始问题3演练测试, waiting runner...
[batch] run 74: success=True cleared=12 V=4144.027674 fallback=0
[batch] run 75: clicked 开始问题3演练测试, waiting runner...
[batch] run 75: success=True cleared=14 V=4293.68512 fallback=0
[batch] run 76: clicked 开始问题3演练测试, waiting runner...
[batch] run 76: success=True cleared=11 V=3779.598235 fallback=0
[batch] run 77: clicked 开始问题3演练测试, waiting runner...
[batch] run 77: success=True cleared=14 V=3924.563022 fallback=0
[batch] run 78: clicked 开始问题3演练测试, waiting runner...
[batch] run 78: success=True cleared=14 V=4121.954099 fallback=0
[batch] run 79: clicked 开始问题3演练测试, waiting runner...
[batch] run 79: success=True cleared=13 V=4340.52499 fallback=0
[batch] run 80: clicked 开始问题3演练测试, waiting runner...
[batch] run 80: success=True cleared=15 V=4152.249359 fallback=0
[batch] run 81: clicked 开始问题3演练测试, waiting runner...
[batch] run 81: success=True cleared=10 V=3681.235237 fallback=0
[batch] run 82: clicked 开始问题3演练测试, waiting runner...
[batch] run 82: success=True cleared=16 V=4528.540816 fallback=0
[batch] run 83: clicked 开始问题3演练测试, waiting runner...
[batch] run 83: success=True cleared=16 V=4170.350959 fallback=0
[batch] run 84: clicked 开始问题3演练测试, waiting runner...
[batch] run 84: success=True cleared=14 V=4128.788514 fallback=0
[batch] run 85: clicked 开始问题3演练测试, waiting runner...
[batch] run 85: success=True cleared=11 V=4243.512833 fallback=0
[batch] run 86: clicked 开始问题3演练测试, waiting runner...
[batch] run 86: success=True cleared=12 V=3756.720103 fallback=0
[batch] run 87: clicked 开始问题3演练测试, waiting runner...
[batch] run 87: success=True cleared=16 V=4335.598059 fallback=0
[batch] run 88: clicked 开始问题3演练测试, waiting runner...
[batch] run 88: success=True cleared=14 V=4297.79435 fallback=0
[batch] run 89: clicked 开始问题3演练测试, waiting runner...
[batch] run 89: success=True cleared=15 V=4320.868575 fallback=0
[batch] run 90: clicked 开始问题3演练测试, waiting runner...
[batch] run 90: success=True cleared=13 V=4272.955012 fallback=0
[batch] run 91: clicked 开始问题3演练测试, waiting runner...
[batch] run 91: success=True cleared=13 V=4205.794008 fallback=0
[batch] run 92: clicked 开始问题3演练测试, waiting runner...
[batch] run 92: success=True cleared=13 V=4847.18463 fallback=0
[batch] run 93: clicked 开始问题3演练测试, waiting runner...
[batch] run 93: success=True cleared=15 V=4387.864158 fallback=0
[batch] run 94: clicked 开始问题3演练测试, waiting runner...
[batch] run 94: success=True cleared=13 V=4606.392141 fallback=0
[batch] run 95: clicked 开始问题3演练测试, waiting runner...
[batch] run 95: success=True cleared=12 V=4313.425707 fallback=0
[batch] run 96: clicked 开始问题3演练测试, waiting runner...
[batch] run 96: success=True cleared=13 V=3870.514602 fallback=0
[batch] run 97: clicked 开始问题3演练测试, waiting runner...
[batch] run 97: success=True cleared=15 V=3938.571892 fallback=0
[batch] run 98: clicked 开始问题3演练测试, waiting runner...
[batch] run 98: success=True cleared=14 V=4363.218357 fallback=0
[batch] run 99: clicked 开始问题3演练测试, waiting runner...
[batch] run 99: success=True cleared=14 V=4441.011273 fallback=0
[batch] run 100: clicked 开始问题3演练测试, waiting runner...
[batch] run 100: success=True cleared=16 V=4491.399531 fallback=0
[batch] done, 100 runs, summary=D:\数学建模\B_RL\results\auto_g25o_p3_100_final\batch_auto_summary.json
[driver] start mode4 100
[batch] run 1: clicked 开始问题4演练测试, waiting runner...
[batch] run 1: success=True cleared=13 V=7253.225831 fallback=0
[batch] run 2: clicked 开始问题4演练测试, waiting runner...
[batch] run 2: success=True cleared=13 V=7085.351924 fallback=0
[batch] run 3: clicked 开始问题4演练测试, waiting runner...
[batch] run 3: success=True cleared=15 V=7037.91527 fallback=0
[batch] run 4: clicked 开始问题4演练测试, waiting runner...
[batch] run 4: success=True cleared=12 V=7452.61683 fallback=0
[batch] run 5: clicked 开始问题4演练测试, waiting runner...
[batch] run 5: success=True cleared=10 V=7381.836048 fallback=0
[batch] run 6: clicked 开始问题4演练测试, waiting runner...
[batch] run 6: success=True cleared=15 V=7477.478507 fallback=0
[batch] run 7: clicked 开始问题4演练测试, waiting runner...
[batch] run 7: success=True cleared=16 V=6527.641794 fallback=0
[batch] run 8: clicked 开始问题4演练测试, waiting runner...
[batch] run 8: success=True cleared=14 V=7726.021002 fallback=0
[batch] run 9: clicked 开始问题4演练测试, waiting runner...
[batch] run 9: success=True cleared=15 V=7177.875228 fallback=0
[batch] run 10: clicked 开始问题4演练测试, waiting runner...
[batch] run 10: success=True cleared=15 V=7945.447937 fallback=0
[batch] run 11: clicked 开始问题4演练测试, waiting runner...
[batch] run 11: success=True cleared=15 V=7591.816076 fallback=0
[batch] run 12: clicked 开始问题4演练测试, waiting runner...
[batch] run 12: success=True cleared=15 V=7400.702188 fallback=0
[batch] run 13: clicked 开始问题4演练测试, waiting runner...
[batch] run 13: success=True cleared=14 V=7235.737032 fallback=0
[batch] run 14: clicked 开始问题4演练测试, waiting runner...
[batch] run 14: success=True cleared=13 V=6890.680975 fallback=0
[batch] run 15: clicked 开始问题4演练测试, waiting runner...
[batch] run 15: success=True cleared=11 V=7312.615912 fallback=0
[batch] run 16: clicked 开始问题4演练测试, waiting runner...
[batch] run 16: success=True cleared=11 V=7326.935015 fallback=0
[batch] run 17: clicked 开始问题4演练测试, waiting runner...
[batch] run 17: success=True cleared=10 V=7256.091412 fallback=0
[batch] run 18: clicked 开始问题4演练测试, waiting runner...
[batch] run 18: success=True cleared=16 V=4458.468007 fallback=0
[batch] run 19: clicked 开始问题4演练测试, waiting runner...
[batch] run 19: success=True cleared=15 V=7778.963078 fallback=0
[batch] run 20: clicked 开始问题4演练测试, waiting runner...
[batch] run 20: success=True cleared=12 V=6877.084665 fallback=0
[batch] run 21: clicked 开始问题4演练测试, waiting runner...
[batch] run 21: success=True cleared=10 V=7279.750525 fallback=0
[batch] run 22: clicked 开始问题4演练测试, waiting runner...
[batch] run 22: success=True cleared=12 V=6937.27305 fallback=0
[batch] run 23: clicked 开始问题4演练测试, waiting runner...
[batch] run 23: success=True cleared=12 V=7754.955624 fallback=0
[batch] run 24: clicked 开始问题4演练测试, waiting runner...
[batch] run 24: success=True cleared=11 V=6851.945469 fallback=0
[batch] run 25: clicked 开始问题4演练测试, waiting runner...
[batch] run 25: success=True cleared=12 V=6846.809203 fallback=0
[batch] run 26: clicked 开始问题4演练测试, waiting runner...
[batch] run 26: success=True cleared=10 V=7534.128633 fallback=0
[batch] run 27: clicked 开始问题4演练测试, waiting runner...
[batch] run 27: success=True cleared=11 V=6778.769113 fallback=0
[batch] run 28: clicked 开始问题4演练测试, waiting runner...
[batch] run 28: success=True cleared=13 V=7799.935987 fallback=0
[batch] run 29: clicked 开始问题4演练测试, waiting runner...
[batch] run 29: success=True cleared=12 V=7081.862554 fallback=0
[batch] run 30: clicked 开始问题4演练测试, waiting runner...
[batch] run 30: success=True cleared=10 V=7207.750042 fallback=0
[batch] run 31: clicked 开始问题4演练测试, waiting runner...
[batch] run 31: success=True cleared=12 V=7269.327455 fallback=0
[batch] run 32: clicked 开始问题4演练测试, waiting runner...
[batch] run 32: success=True cleared=16 V=6215.345712 fallback=0
[batch] run 33: clicked 开始问题4演练测试, waiting runner...
[batch] run 33: success=True cleared=14 V=7291.319422 fallback=0
[batch] run 34: clicked 开始问题4演练测试, waiting runner...
[batch] run 34: success=True cleared=14 V=7178.135891 fallback=0
[batch] run 35: clicked 开始问题4演练测试, waiting runner...
[batch] run 35: success=True cleared=11 V=7101.656161 fallback=0
[batch] run 36: clicked 开始问题4演练测试, waiting runner...
[batch] run 36: success=True cleared=14 V=9222.053093 fallback=0
[batch] run 37: clicked 开始问题4演练测试, waiting runner...
[batch] run 37: success=True cleared=13 V=7055.892937 fallback=0
[batch] run 38: clicked 开始问题4演练测试, waiting runner...
[batch] run 38: success=True cleared=14 V=7545.869305 fallback=0
[batch] run 39: clicked 开始问题4演练测试, waiting runner...
[batch] run 39: success=True cleared=14 V=7908.520498 fallback=0
[batch] run 40: clicked 开始问题4演练测试, waiting runner...
[batch] run 40: success=True cleared=16 V=6122.101743 fallback=0
[batch] run 41: clicked 开始问题4演练测试, waiting runner...
[batch] run 41: success=True cleared=12 V=7625.64962 fallback=0
[batch] run 42: clicked 开始问题4演练测试, waiting runner...
[batch] run 42: success=True cleared=14 V=7677.688905 fallback=0
[batch] run 43: clicked 开始问题4演练测试, waiting runner...
[batch] run 43: success=True cleared=15 V=7910.322244 fallback=0
[batch] run 44: clicked 开始问题4演练测试, waiting runner...
[batch] run 44: success=True cleared=10 V=7239.133885 fallback=0
[batch] run 45: clicked 开始问题4演练测试, waiting runner...
[batch] run 45: success=True cleared=10 V=7154.862216 fallback=0
[batch] run 46: clicked 开始问题4演练测试, waiting runner...
[batch] run 46: success=True cleared=10 V=7992.919691 fallback=0
[batch] run 47: clicked 开始问题4演练测试, waiting runner...
[batch] run 47: success=True cleared=10 V=7387.270768 fallback=0
[batch] run 48: clicked 开始问题4演练测试, waiting runner...
[batch] run 48: success=True cleared=13 V=7340.217864 fallback=0
[batch] run 49: clicked 开始问题4演练测试, waiting runner...
[batch] run 49: success=True cleared=14 V=7451.013729 fallback=0
[batch] run 50: clicked 开始问题4演练测试, waiting runner...
[batch] run 50: success=True cleared=14 V=7224.060606 fallback=0
[batch] run 51: clicked 开始问题4演练测试, waiting runner...
[batch] run 51: success=True cleared=10 V=7687.752689 fallback=0
[batch] run 52: clicked 开始问题4演练测试, waiting runner...
[batch] run 52: success=True cleared=12 V=7830.952324 fallback=0
[batch] run 53: clicked 开始问题4演练测试, waiting runner...
[batch] run 53: success=True cleared=13 V=7617.682443 fallback=0
[batch] run 54: clicked 开始问题4演练测试, waiting runner...
[batch] run 54: success=True cleared=10 V=7001.538302 fallback=0
[batch] run 55: clicked 开始问题4演练测试, waiting runner...
[batch] run 55: success=True cleared=10 V=7246.712879 fallback=0
[batch] run 56: clicked 开始问题4演练测试, waiting runner...
[batch] run 56: success=True cleared=10 V=7348.255122 fallback=0
[batch] run 57: clicked 开始问题4演练测试, waiting runner...
[batch] run 57: success=True cleared=16 V=5037.447755 fallback=0
[batch] run 58: clicked 开始问题4演练测试, waiting runner...
[batch] run 58: success=True cleared=11 V=7621.570979 fallback=0
[batch] run 59: clicked 开始问题4演练测试, waiting runner...
[batch] run 59: success=True cleared=10 V=7549.64362 fallback=0
[batch] run 60: clicked 开始问题4演练测试, waiting runner...
[batch] run 60: success=True cleared=16 V=7137.97367 fallback=0
[batch] run 61: clicked 开始问题4演练测试, waiting runner...
[batch] run 61: success=True cleared=15 V=7183.084 fallback=0
[batch] run 62: clicked 开始问题4演练测试, waiting runner...
[batch] run 62: success=True cleared=10 V=7696.045077 fallback=0
[batch] run 63: clicked 开始问题4演练测试, waiting runner...
[batch] run 63: success=True cleared=11 V=7913.949126 fallback=0
[batch] run 64: clicked 开始问题4演练测试, waiting runner...
[batch] run 64: success=True cleared=14 V=7398.89678 fallback=0
[batch] run 65: clicked 开始问题4演练测试, waiting runner...
[batch] run 65: success=True cleared=16 V=4616.00597 fallback=0
[batch] run 66: clicked 开始问题4演练测试, waiting runner...
[batch] run 66: success=True cleared=13 V=7634.279273 fallback=0
[batch] run 67: clicked 开始问题4演练测试, waiting runner...
[batch] run 67: success=True cleared=10 V=6967.120599 fallback=0
[batch] run 68: clicked 开始问题4演练测试, waiting runner...
[batch] run 68: success=True cleared=10 V=7276.922712 fallback=0
[batch] run 69: clicked 开始问题4演练测试, waiting runner...
[batch] run 69: success=True cleared=13 V=7268.334609 fallback=0
[batch] run 70: clicked 开始问题4演练测试, waiting runner...
[batch] run 70: success=True cleared=13 V=6977.197979 fallback=0
[batch] run 71: clicked 开始问题4演练测试, waiting runner...
[batch] run 71: success=True cleared=15 V=7352.752331 fallback=0
[batch] run 72: clicked 开始问题4演练测试, waiting runner...
[batch] run 72: success=True cleared=11 V=7300.87057 fallback=0
[batch] run 73: clicked 开始问题4演练测试, waiting runner...
[batch] run 73: success=True cleared=15 V=6881.165829 fallback=0
[batch] run 74: clicked 开始问题4演练测试, waiting runner...
[batch] run 74: success=True cleared=13 V=7223.861012 fallback=0
[batch] run 75: clicked 开始问题4演练测试, waiting runner...
[batch] run 75: success=True cleared=16 V=4791.942448 fallback=0
[batch] run 76: clicked 开始问题4演练测试, waiting runner...
[batch] run 76: success=True cleared=11 V=7656.902836 fallback=0
[batch] run 77: clicked 开始问题4演练测试, waiting runner...
[batch] run 77: success=True cleared=11 V=7475.265026 fallback=0
[batch] run 78: clicked 开始问题4演练测试, waiting runner...
[batch] run 78: success=True cleared=13 V=7724.315186 fallback=0
[batch] run 79: clicked 开始问题4演练测试, waiting runner...
[batch] run 79: success=True cleared=16 V=7312.592719 fallback=0
[batch] run 80: clicked 开始问题4演练测试, waiting runner...
[batch] run 80: success=True cleared=10 V=7661.431917 fallback=0
[batch] run 81: clicked 开始问题4演练测试, waiting runner...
[batch] run 81: success=True cleared=15 V=7056.378628 fallback=0
[batch] run 82: clicked 开始问题4演练测试, waiting runner...
[batch] run 82: success=True cleared=10 V=7642.550043 fallback=0
[batch] run 83: clicked 开始问题4演练测试, waiting runner...
[batch] run 83: success=True cleared=13 V=7519.163635 fallback=0
[batch] run 84: clicked 开始问题4演练测试, waiting runner...
[batch] run 84: success=True cleared=15 V=7503.910045 fallback=0
[batch] run 85: clicked 开始问题4演练测试, waiting runner...
[batch] run 85: success=True cleared=11 V=7426.972479 fallback=0
[batch] run 86: clicked 开始问题4演练测试, waiting runner...
[batch] run 86: success=True cleared=16 V=4468.984264 fallback=0
[batch] run 87: clicked 开始问题4演练测试, waiting runner...
[batch] run 87: success=True cleared=11 V=7454.337134 fallback=0
[batch] run 88: clicked 开始问题4演练测试, waiting runner...
[batch] run 88: success=True cleared=15 V=7528.612854 fallback=0
[batch] run 89: clicked 开始问题4演练测试, waiting runner...
[batch] run 89: success=True cleared=12 V=8259.687013 fallback=0
[batch] run 90: clicked 开始问题4演练测试, waiting runner...
[batch] run 90: success=True cleared=11 V=7452.676005 fallback=0
[batch] run 91: clicked 开始问题4演练测试, waiting runner...
[batch] run 91: success=True cleared=12 V=6651.77625 fallback=0
[batch] run 92: clicked 开始问题4演练测试, waiting runner...
[batch] run 92: success=True cleared=16 V=4399.521007 fallback=0
[batch] run 93: clicked 开始问题4演练测试, waiting runner...
[batch] run 93: success=True cleared=16 V=3821.294166 fallback=0
[batch] run 94: clicked 开始问题4演练测试, waiting runner...
[batch] run 94: success=True cleared=14 V=7161.949365 fallback=0
[batch] run 95: clicked 开始问题4演练测试, waiting runner...
[batch] run 95: success=True cleared=12 V=7591.895692 fallback=0
[batch] run 96: clicked 开始问题4演练测试, waiting runner...
[batch] run 96: success=True cleared=15 V=7125.633101 fallback=0
[batch] run 97: clicked 开始问题4演练测试, waiting runner...
[batch] run 97: success=True cleared=14 V=7020.104962 fallback=0
[batch] run 98: clicked 开始问题4演练测试, waiting runner...
[batch] run 98: success=True cleared=12 V=7616.407963 fallback=0
[batch] run 99: clicked 开始问题4演练测试, waiting runner...
[batch] run 99: success=True cleared=16 V=4215.757997 fallback=0
[batch] run 100: clicked 开始问题4演练测试, waiting runner...
[batch] run 100: success=True cleared=10 V=7637.39856 fallback=0
[batch] done, 100 runs, summary=D:\数学建模\B_RL\results\auto_g25o_p4_100_final\batch_auto_summary.json
[driver] all done
