[driver] start G25O-R full mode3 100
[batch] run 1: clicked 开始问题3演练测试, waiting runner...
[batch] run 1: success=True cleared=14 V=4250.132888 fallback=0
[batch] run 2: clicked 开始问题3演练测试, waiting runner...
[batch] run 2: success=True cleared=15 V=4411.241212 fallback=0
[batch] run 3: clicked 开始问题3演练测试, waiting runner...
[batch] run 3: success=True cleared=14 V=4027.940025 fallback=0
[batch] run 4: clicked 开始问题3演练测试, waiting runner...
[batch] run 4: success=True cleared=13 V=4181.357294 fallback=0
[batch] run 5: clicked 开始问题3演练测试, waiting runner...
[batch] run 5: success=True cleared=12 V=4228.875632 fallback=0
[batch] run 6: clicked 开始问题3演练测试, waiting runner...
[batch] run 6: success=True cleared=15 V=4329.654012 fallback=0
[batch] run 7: clicked 开始问题3演练测试, waiting runner...
[batch] run 7: success=True cleared=14 V=3504.566699 fallback=0
[batch] run 8: clicked 开始问题3演练测试, waiting runner...
[batch] run 8: success=True cleared=15 V=4387.064088 fallback=0
[batch] run 9: clicked 开始问题3演练测试, waiting runner...
[batch] run 9: success=True cleared=16 V=4371.890007 fallback=0
[batch] run 10: clicked 开始问题3演练测试, waiting runner...
[batch] run 10: success=True cleared=14 V=3885.617823 fallback=0
[batch] run 11: clicked 开始问题3演练测试, waiting runner...
[batch] run 11: success=True cleared=14 V=4246.140054 fallback=0
[batch] run 12: clicked 开始问题3演练测试, waiting runner...
[batch] run 12: success=True cleared=16 V=4365.685786 fallback=0
[batch] run 13: clicked 开始问题3演练测试, waiting runner...
[batch] run 13: success=True cleared=12 V=4399.27508 fallback=0
[batch] run 14: clicked 开始问题3演练测试, waiting runner...
[batch] run 14: success=True cleared=11 V=4136.954274 fallback=0
[batch] run 15: clicked 开始问题3演练测试, waiting runner...
[batch] run 15: success=True cleared=10 V=3648.557446 fallback=0
[batch] run 16: clicked 开始问题3演练测试, waiting runner...
[batch] run 16: success=True cleared=10 V=4188.115083 fallback=0
[batch] run 17: clicked 开始问题3演练测试, waiting runner...
[batch] run 17: success=True cleared=16 V=3974.049138 fallback=0
[batch] run 18: clicked 开始问题3演练测试, waiting runner...
[batch] run 18: success=True cleared=12 V=4434.742183 fallback=0
[batch] run 19: clicked 开始问题3演练测试, waiting runner...
[batch] run 19: success=True cleared=14 V=4232.911801 fallback=0
[batch] run 20: clicked 开始问题3演练测试, waiting runner...
[batch] run 20: success=True cleared=16 V=4076.840007 fallback=0
[batch] run 21: clicked 开始问题3演练测试, waiting runner...
[batch] run 21: success=True cleared=15 V=3998.382895 fallback=0
[batch] run 22: clicked 开始问题3演练测试, waiting runner...
[batch] run 22: success=True cleared=13 V=4082.922698 fallback=0
[batch] run 23: clicked 开始问题3演练测试, waiting runner...
[batch] run 23: success=True cleared=11 V=4548.026881 fallback=0
[batch] run 24: clicked 开始问题3演练测试, waiting runner...
[batch] run 24: success=True cleared=10 V=4120.849955 fallback=0
[batch] run 25: clicked 开始问题3演练测试, waiting runner...
[batch] run 25: success=True cleared=13 V=3842.352295 fallback=0
[batch] run 26: clicked 开始问题3演练测试, waiting runner...
[batch] run 26: success=True cleared=15 V=4421.515156 fallback=0
[batch] run 27: clicked 开始问题3演练测试, waiting runner...
[batch] run 27: success=True cleared=16 V=4080.932655 fallback=0
[batch] run 28: clicked 开始问题3演练测试, waiting runner...
[batch] run 28: success=True cleared=14 V=4038.154037 fallback=0
[batch] run 29: clicked 开始问题3演练测试, waiting runner...
[batch] run 29: success=True cleared=13 V=4435.622398 fallback=0
[batch] run 30: clicked 开始问题3演练测试, waiting runner...
[batch] run 30: success=True cleared=15 V=4781.408796 fallback=0
[batch] run 31: clicked 开始问题3演练测试, waiting runner...
[batch] run 31: success=True cleared=11 V=3874.347448 fallback=0
[batch] run 32: clicked 开始问题3演练测试, waiting runner...
[batch] run 32: success=True cleared=15 V=4392.783049 fallback=0
[batch] run 33: clicked 开始问题3演练测试, waiting runner...
[batch] run 33: success=True cleared=10 V=3601.240272 fallback=0
[batch] run 34: clicked 开始问题3演练测试, waiting runner...
[batch] run 34: success=True cleared=13 V=4099.627212 fallback=0
[batch] run 35: clicked 开始问题3演练测试, waiting runner...
[batch] run 35: success=True cleared=15 V=4873.427451 fallback=0
[batch] run 36: clicked 开始问题3演练测试, waiting runner...
[batch] run 36: success=True cleared=15 V=4342.857234 fallback=0
[batch] run 37: clicked 开始问题3演练测试, waiting runner...
[batch] run 37: success=True cleared=10 V=3751.273302 fallback=0
[batch] run 38: clicked 开始问题3演练测试, waiting runner...
[batch] run 38: success=True cleared=11 V=3935.306797 fallback=0
[batch] run 39: clicked 开始问题3演练测试, waiting runner...
[batch] run 39: success=True cleared=16 V=4496.655322 fallback=0
[batch] run 40: clicked 开始问题3演练测试, waiting runner...
[batch] run 40: success=True cleared=12 V=4215.316293 fallback=0
[batch] run 41: clicked 开始问题3演练测试, waiting runner...
[batch] run 41: success=True cleared=15 V=3931.261495 fallback=0
[batch] run 42: clicked 开始问题3演练测试, waiting runner...
[batch] run 42: success=True cleared=14 V=4456.924454 fallback=0
[batch] run 43: clicked 开始问题3演练测试, waiting runner...
[batch] run 43: success=True cleared=16 V=4496.441313 fallback=0
[batch] run 44: clicked 开始问题3演练测试, waiting runner...
[batch] run 44: success=True cleared=16 V=4413.770469 fallback=0
[batch] run 45: clicked 开始问题3演练测试, waiting runner...
[batch] run 45: success=True cleared=11 V=4208.947985 fallback=0
[batch] run 46: clicked 开始问题3演练测试, waiting runner...
[batch] run 46: success=True cleared=10 V=3675.229544 fallback=0
[batch] run 47: clicked 开始问题3演练测试, waiting runner...
[batch] run 47: success=True cleared=16 V=4130.827628 fallback=0
[batch] run 48: clicked 开始问题3演练测试, waiting runner...
[batch] run 48: success=True cleared=16 V=4178.918705 fallback=0
[batch] run 49: clicked 开始问题3演练测试, waiting runner...
[batch] run 49: success=True cleared=15 V=4873.491379 fallback=0
[batch] run 50: clicked 开始问题3演练测试, waiting runner...
[batch] run 50: success=True cleared=10 V=3877.737293 fallback=0
[batch] run 51: clicked 开始问题3演练测试, waiting runner...
[batch] run 51: success=True cleared=16 V=3939.771467 fallback=0
[batch] run 52: clicked 开始问题3演练测试, waiting runner...
[batch] run 52: success=True cleared=12 V=4485.35244 fallback=0
[batch] run 53: clicked 开始问题3演练测试, waiting runner...
[batch] run 53: success=True cleared=10 V=3382.721643 fallback=0
[batch] run 54: clicked 开始问题3演练测试, waiting runner...
[batch] run 54: success=True cleared=12 V=4072.127464 fallback=0
[batch] run 55: clicked 开始问题3演练测试, waiting runner...
[batch] run 55: success=True cleared=14 V=4681.562612 fallback=0
[batch] run 56: clicked 开始问题3演练测试, waiting runner...
[batch] run 56: success=True cleared=16 V=4509.028549 fallback=0
[batch] run 57: clicked 开始问题3演练测试, waiting runner...
[batch] run 57: success=True cleared=16 V=4025.948626 fallback=0
[batch] run 58: clicked 开始问题3演练测试, waiting runner...
[batch] run 58: success=True cleared=11 V=4103.72547 fallback=0
[batch] run 59: clicked 开始问题3演练测试, waiting runner...
[batch] run 59: success=True cleared=14 V=4547.364835 fallback=0
[batch] run 60: clicked 开始问题3演练测试, waiting runner...
[batch] run 60: success=True cleared=13 V=4219.728316 fallback=0
[batch] run 61: clicked 开始问题3演练测试, waiting runner...
[batch] run 61: success=True cleared=10 V=4011.742155 fallback=0
[batch] run 62: clicked 开始问题3演练测试, waiting runner...
[batch] run 62: success=True cleared=12 V=4282.929109 fallback=0
[batch] run 63: clicked 开始问题3演练测试, waiting runner...
[batch] run 63: success=True cleared=10 V=3799.011338 fallback=0
[batch] run 64: clicked 开始问题3演练测试, waiting runner...
[batch] run 64: success=True cleared=15 V=4286.517031 fallback=0
[batch] run 65: clicked 开始问题3演练测试, waiting runner...
[batch] run 65: success=True cleared=11 V=4037.381232 fallback=0
[batch] run 66: clicked 开始问题3演练测试, waiting runner...
[batch] run 66: success=True cleared=14 V=4291.809552 fallback=0
[batch] run 67: clicked 开始问题3演练测试, waiting runner...
[batch] run 67: success=True cleared=11 V=3460.873065 fallback=0
[batch] run 68: clicked 开始问题3演练测试, waiting runner...
[batch] run 68: success=True cleared=12 V=3725.484614 fallback=0
[batch] run 69: clicked 开始问题3演练测试, waiting runner...
[batch] run 69: success=True cleared=14 V=4006.442911 fallback=0
[batch] run 70: clicked 开始问题3演练测试, waiting runner...
[batch] run 70: success=True cleared=14 V=4150.465295 fallback=0
[batch] run 71: clicked 开始问题3演练测试, waiting runner...
[batch] run 71: success=True cleared=15 V=4291.126859 fallback=0
[batch] run 72: clicked 开始问题3演练测试, waiting runner...
[batch] run 72: success=True cleared=16 V=3981.131406 fallback=0
[batch] run 73: clicked 开始问题3演练测试, waiting runner...
[batch] run 73: success=True cleared=14 V=4506.497438 fallback=0
[batch] run 74: clicked 开始问题3演练测试, waiting runner...
[batch] run 74: success=True cleared=15 V=4430.778228 fallback=0
[batch] run 75: clicked 开始问题3演练测试, waiting runner...
[batch] run 75: success=True cleared=13 V=4002.825831 fallback=0
[batch] run 76: clicked 开始问题3演练测试, waiting runner...
[batch] run 76: success=True cleared=12 V=4089.370438 fallback=0
[batch] run 77: clicked 开始问题3演练测试, waiting runner...
[batch] run 77: success=True cleared=12 V=3974.979274 fallback=0
[batch] run 78: clicked 开始问题3演练测试, waiting runner...
[batch] run 78: success=True cleared=15 V=3793.62342 fallback=0
[batch] run 79: clicked 开始问题3演练测试, waiting runner...
[batch] run 79: success=True cleared=13 V=4224.782317 fallback=0
[batch] run 80: clicked 开始问题3演练测试, waiting runner...
[batch] run 80: success=True cleared=12 V=4042.00891 fallback=0
[batch] run 81: clicked 开始问题3演练测试, waiting runner...
[batch] run 81: success=True cleared=11 V=3833.315367 fallback=0
[batch] run 82: clicked 开始问题3演练测试, waiting runner...
[batch] run 82: success=True cleared=14 V=4705.586344 fallback=0
[batch] run 83: clicked 开始问题3演练测试, waiting runner...
[batch] run 83: success=True cleared=11 V=4018.151164 fallback=0
[batch] run 84: clicked 开始问题3演练测试, waiting runner...
[batch] run 84: success=True cleared=14 V=3719.748192 fallback=0
[batch] run 85: clicked 开始问题3演练测试, waiting runner...
[batch] run 85: success=True cleared=13 V=4356.872452 fallback=0
[batch] run 86: clicked 开始问题3演练测试, waiting runner...
[batch] run 86: success=True cleared=13 V=4577.476403 fallback=0
[batch] run 87: clicked 开始问题3演练测试, waiting runner...
[batch] run 87: success=True cleared=13 V=4056.611843 fallback=0
[batch] run 88: clicked 开始问题3演练测试, waiting runner...
[batch] run 88: success=True cleared=16 V=4481.346104 fallback=0
[batch] run 89: clicked 开始问题3演练测试, waiting runner...
[batch] run 89: success=True cleared=14 V=4353.821585 fallback=0
[batch] run 90: clicked 开始问题3演练测试, waiting runner...
[batch] run 90: success=True cleared=12 V=4100.803767 fallback=0
[batch] run 91: clicked 开始问题3演练测试, waiting runner...
[batch] run 91: success=True cleared=10 V=3404.299263 fallback=0
[batch] run 92: clicked 开始问题3演练测试, waiting runner...
[batch] run 92: success=True cleared=11 V=3764.232612 fallback=0
[batch] run 93: clicked 开始问题3演练测试, waiting runner...
[batch] run 93: success=True cleared=13 V=3775.970944 fallback=0
[batch] run 94: clicked 开始问题3演练测试, waiting runner...
[batch] run 94: success=True cleared=12 V=4146.962426 fallback=0
[batch] run 95: clicked 开始问题3演练测试, waiting runner...
[batch] run 95: success=True cleared=12 V=4292.542051 fallback=0
[batch] run 96: clicked 开始问题3演练测试, waiting runner...
[batch] run 96: success=True cleared=14 V=4211.165701 fallback=0
[batch] run 97: clicked 开始问题3演练测试, waiting runner...
[batch] run 97: success=True cleared=14 V=3948.639757 fallback=0
[batch] run 98: clicked 开始问题3演练测试, waiting runner...
[batch] run 98: success=True cleared=10 V=3749.175616 fallback=0
[batch] run 99: clicked 开始问题3演练测试, waiting runner...
[batch] run 99: success=True cleared=16 V=4384.530835 fallback=0
[batch] run 100: clicked 开始问题3演练测试, waiting runner...
[batch] run 100: success=True cleared=12 V=4015.777203 fallback=0
[batch] done, 100 runs, summary=D:\数学建模\B_RL\results\auto_g25orfull_p3_100_final\batch_auto_summary.json
[driver] start G25O-R full mode4 100
[batch] run 1: clicked 开始问题4演练测试, waiting runner...
[batch] run 1: success=True cleared=13 V=7062.587167 fallback=0
[batch] run 2: clicked 开始问题4演练测试, waiting runner...
[batch] run 2: success=True cleared=10 V=7107.051503 fallback=0
[batch] run 3: clicked 开始问题4演练测试, waiting runner...
[batch] run 3: success=True cleared=11 V=6954.808548 fallback=0
[batch] run 4: clicked 开始问题4演练测试, waiting runner...
[batch] run 4: success=True cleared=16 V=3863.381757 fallback=0
[batch] run 5: clicked 开始问题4演练测试, waiting runner...
[batch] run 5: success=True cleared=11 V=7587.795887 fallback=0
[batch] run 6: clicked 开始问题4演练测试, waiting runner...
[batch] run 6: success=True cleared=10 V=7440.253603 fallback=0
[batch] run 7: clicked 开始问题4演练测试, waiting runner...
[batch] run 7: success=True cleared=12 V=7186.454873 fallback=0
[batch] run 8: clicked 开始问题4演练测试, waiting runner...
[batch] run 8: success=True cleared=16 V=6416.518746 fallback=0
[batch] run 9: clicked 开始问题4演练测试, waiting runner...
[batch] run 9: success=True cleared=13 V=6842.119303 fallback=0
[batch] run 10: clicked 开始问题4演练测试, waiting runner...
[batch] run 10: success=True cleared=15 V=6924.67525 fallback=0
[batch] run 11: clicked 开始问题4演练测试, waiting runner...
[batch] run 11: success=True cleared=11 V=7331.962297 fallback=0
[batch] run 12: clicked 开始问题4演练测试, waiting runner...
[batch] run 12: success=True cleared=13 V=7500.198742 fallback=0
[batch] run 13: clicked 开始问题4演练测试, waiting runner...
[batch] run 13: success=True cleared=15 V=7469.841889 fallback=0
[batch] run 14: clicked 开始问题4演练测试, waiting runner...
[batch] run 14: success=True cleared=12 V=6910.702315 fallback=0
[batch] run 15: clicked 开始问题4演练测试, waiting runner...
[batch] run 15: success=True cleared=15 V=7227.919571 fallback=0
[batch] run 16: clicked 开始问题4演练测试, waiting runner...
[batch] run 16: success=True cleared=15 V=6823.84777 fallback=0
[batch] run 17: clicked 开始问题4演练测试, waiting runner...
[batch] run 17: success=True cleared=15 V=7654.278082 fallback=0
[batch] run 18: clicked 开始问题4演练测试, waiting runner...
[batch] run 18: success=True cleared=15 V=6875.667127 fallback=0
[batch] run 19: clicked 开始问题4演练测试, waiting runner...
[batch] run 19: success=True cleared=11 V=7441.174782 fallback=0
[batch] run 20: clicked 开始问题4演练测试, waiting runner...
[batch] run 20: success=True cleared=13 V=7715.849269 fallback=0
[batch] run 21: clicked 开始问题4演练测试, waiting runner...
[batch] run 21: success=True cleared=10 V=7012.178077 fallback=0
[batch] run 22: clicked 开始问题4演练测试, waiting runner...
[batch] run 22: success=True cleared=14 V=7449.452703 fallback=0
[batch] run 23: clicked 开始问题4演练测试, waiting runner...
[batch] run 23: success=True cleared=16 V=5915.732051 fallback=0
[batch] run 24: clicked 开始问题4演练测试, waiting runner...
[batch] run 24: success=True cleared=16 V=5901.631373 fallback=0
[batch] run 25: clicked 开始问题4演练测试, waiting runner...
[batch] run 25: success=True cleared=11 V=7187.02719 fallback=0
[batch] run 26: clicked 开始问题4演练测试, waiting runner...
[batch] run 26: success=True cleared=11 V=7769.059893 fallback=0
[batch] run 27: clicked 开始问题4演练测试, waiting runner...
[batch] run 27: success=True cleared=11 V=7310.614777 fallback=0
[batch] run 28: clicked 开始问题4演练测试, waiting runner...
[batch] run 28: success=True cleared=14 V=7145.887873 fallback=0
[batch] run 29: clicked 开始问题4演练测试, waiting runner...
[batch] run 29: success=True cleared=11 V=7104.877714 fallback=0
[batch] run 30: clicked 开始问题4演练测试, waiting runner...
[batch] run 30: success=True cleared=15 V=7777.726482 fallback=0
[batch] run 31: clicked 开始问题4演练测试, waiting runner...
[batch] run 31: success=True cleared=16 V=4666.753298 fallback=0
[batch] run 32: clicked 开始问题4演练测试, waiting runner...
[batch] run 32: success=True cleared=10 V=7256.830644 fallback=0
[batch] run 33: clicked 开始问题4演练测试, waiting runner...
[batch] run 33: success=True cleared=13 V=6778.828149 fallback=0
[batch] run 34: clicked 开始问题4演练测试, waiting runner...
[batch] run 34: success=True cleared=14 V=8000.218493 fallback=0
[batch] run 35: clicked 开始问题4演练测试, waiting runner...
[batch] run 35: success=True cleared=13 V=6941.917184 fallback=0
[batch] run 36: clicked 开始问题4演练测试, waiting runner...
[batch] run 36: success=True cleared=11 V=7420.879107 fallback=0
[batch] run 37: clicked 开始问题4演练测试, waiting runner...
[batch] run 37: success=True cleared=14 V=7478.51379 fallback=0
[batch] run 38: clicked 开始问题4演练测试, waiting runner...
[batch] run 38: success=True cleared=12 V=7687.778175 fallback=0
[batch] run 39: clicked 开始问题4演练测试, waiting runner...
[batch] run 39: success=True cleared=12 V=6951.732544 fallback=0
[batch] run 40: clicked 开始问题4演练测试, waiting runner...
[batch] run 40: success=True cleared=14 V=6681.18053 fallback=0
[batch] run 41: clicked 开始问题4演练测试, waiting runner...
[batch] run 41: success=True cleared=11 V=6741.287353 fallback=0
[batch] run 42: clicked 开始问题4演练测试, waiting runner...
[batch] run 42: success=True cleared=14 V=8237.277277 fallback=0
[batch] run 43: clicked 开始问题4演练测试, waiting runner...
[batch] run 43: success=True cleared=13 V=6868.502739 fallback=0
[batch] run 44: clicked 开始问题4演练测试, waiting runner...
[batch] run 44: success=True cleared=16 V=4632.499448 fallback=0
[batch] run 45: clicked 开始问题4演练测试, waiting runner...
[batch] run 45: success=True cleared=15 V=7667.990069 fallback=0
[batch] run 46: clicked 开始问题4演练测试, waiting runner...
[batch] run 46: success=True cleared=16 V=7385.509304 fallback=0
[batch] run 47: clicked 开始问题4演练测试, waiting runner...
[batch] run 47: success=True cleared=10 V=7001.844944 fallback=0
[batch] run 48: clicked 开始问题4演练测试, waiting runner...
[batch] run 48: success=True cleared=10 V=7970.164723 fallback=0
[batch] run 49: clicked 开始问题4演练测试, waiting runner...
[batch] run 49: success=True cleared=12 V=6530.029356 fallback=0
[batch] run 50: clicked 开始问题4演练测试, waiting runner...
[batch] run 50: success=True cleared=12 V=6622.562586 fallback=0
[batch] run 51: clicked 开始问题4演练测试, waiting runner...
[batch] run 51: success=True cleared=16 V=5395.915689 fallback=0
[batch] run 52: clicked 开始问题4演练测试, waiting runner...
[batch] run 52: success=True cleared=16 V=4887.848495 fallback=0
[batch] run 53: clicked 开始问题4演练测试, waiting runner...
[batch] run 53: success=True cleared=11 V=7153.073377 fallback=0
[batch] run 54: clicked 开始问题4演练测试, waiting runner...
[batch] run 54: success=True cleared=12 V=7303.924414 fallback=0
[batch] run 55: clicked 开始问题4演练测试, waiting runner...
[batch] run 55: success=True cleared=10 V=7341.898826 fallback=0
[batch] run 56: clicked 开始问题4演练测试, waiting runner...
[batch] run 56: success=True cleared=13 V=7040.313205 fallback=0
[batch] run 57: clicked 开始问题4演练测试, waiting runner...
[batch] run 57: success=True cleared=10 V=7093.164273 fallback=0
[batch] run 58: clicked 开始问题4演练测试, waiting runner...
[batch] run 58: success=True cleared=14 V=6947.541504 fallback=0
[batch] run 59: clicked 开始问题4演练测试, waiting runner...
[batch] run 59: success=True cleared=10 V=7350.668268 fallback=0
[batch] run 60: clicked 开始问题4演练测试, waiting runner...
[batch] run 60: success=True cleared=11 V=7153.208037 fallback=0
[batch] run 61: clicked 开始问题4演练测试, waiting runner...
[batch] run 61: success=True cleared=10 V=7496.419208 fallback=0
[batch] run 62: clicked 开始问题4演练测试, waiting runner...
[batch] run 62: success=True cleared=15 V=7176.353129 fallback=0
[batch] run 63: clicked 开始问题4演练测试, waiting runner...
[batch] run 63: success=True cleared=13 V=6685.186131 fallback=0
[batch] run 64: clicked 开始问题4演练测试, waiting runner...
[batch] run 64: success=True cleared=15 V=7194.585675 fallback=0
[batch] run 65: clicked 开始问题4演练测试, waiting runner...
[batch] run 65: success=True cleared=13 V=7750.181102 fallback=0
[batch] run 66: clicked 开始问题4演练测试, waiting runner...
[batch] run 66: success=True cleared=14 V=7632.127505 fallback=0
[batch] run 67: clicked 开始问题4演练测试, waiting runner...
[batch] run 67: success=True cleared=11 V=6939.451645 fallback=0
[batch] run 68: clicked 开始问题4演练测试, waiting runner...
[batch] run 68: success=True cleared=14 V=7008.741287 fallback=0
[batch] run 69: clicked 开始问题4演练测试, waiting runner...
[batch] run 69: success=True cleared=11 V=6729.161639 fallback=0
[batch] run 70: clicked 开始问题4演练测试, waiting runner...
[batch] run 70: success=True cleared=10 V=7199.347167 fallback=0
[batch] run 71: clicked 开始问题4演练测试, waiting runner...
[batch] run 71: success=True cleared=16 V=5444.021932 fallback=0
[batch] run 72: clicked 开始问题4演练测试, waiting runner...
[batch] run 72: success=True cleared=14 V=6974.115316 fallback=0
[batch] run 73: clicked 开始问题4演练测试, waiting runner...
[batch] run 73: success=True cleared=14 V=7050.206076 fallback=0
[batch] run 74: clicked 开始问题4演练测试, waiting runner...
[batch] run 74: success=True cleared=13 V=7225.271214 fallback=0
[batch] run 75: clicked 开始问题4演练测试, waiting runner...
[batch] run 75: success=True cleared=14 V=6594.360177 fallback=0
[batch] run 76: clicked 开始问题4演练测试, waiting runner...
[batch] run 76: success=True cleared=14 V=7269.2597 fallback=0
[batch] run 77: clicked 开始问题4演练测试, waiting runner...
[batch] run 77: success=True cleared=13 V=7357.417422 fallback=0
[batch] run 78: clicked 开始问题4演练测试, waiting runner...
[batch] run 78: success=True cleared=12 V=7346.895078 fallback=0
[batch] run 79: clicked 开始问题4演练测试, waiting runner...
[batch] run 79: success=True cleared=13 V=6824.161688 fallback=0
[batch] run 80: clicked 开始问题4演练测试, waiting runner...
[batch] run 80: success=True cleared=11 V=7511.481444 fallback=0
[batch] run 81: clicked 开始问题4演练测试, waiting runner...
[batch] run 81: success=True cleared=16 V=6866.677065 fallback=0
[batch] run 82: clicked 开始问题4演练测试, waiting runner...
[batch] run 82: success=True cleared=10 V=7268.615959 fallback=0
[batch] run 83: clicked 开始问题4演练测试, waiting runner...
[batch] run 83: success=True cleared=12 V=7399.957291 fallback=0
[batch] run 84: clicked 开始问题4演练测试, waiting runner...
[batch] run 84: success=True cleared=10 V=6384.137518 fallback=0
[batch] run 85: clicked 开始问题4演练测试, waiting runner...
[batch] run 85: success=True cleared=12 V=7271.586021 fallback=0
[batch] run 86: clicked 开始问题4演练测试, waiting runner...
[batch] run 86: success=True cleared=12 V=7284.163933 fallback=0
[batch] run 87: clicked 开始问题4演练测试, waiting runner...
[batch] run 87: success=True cleared=15 V=7446.487863 fallback=0
[batch] run 88: clicked 开始问题4演练测试, waiting runner...
[batch] run 88: success=True cleared=12 V=7104.61865 fallback=0
[batch] run 89: clicked 开始问题4演练测试, waiting runner...
[batch] run 89: success=True cleared=16 V=5714.773902 fallback=0
[batch] run 90: clicked 开始问题4演练测试, waiting runner...
[batch] run 90: success=True cleared=15 V=6746.896015 fallback=0
[batch] run 91: clicked 开始问题4演练测试, waiting runner...
[batch] run 91: success=True cleared=14 V=7717.387444 fallback=0
[batch] run 92: clicked 开始问题4演练测试, waiting runner...
[batch] run 92: success=True cleared=10 V=6782.108288 fallback=0
[batch] run 93: clicked 开始问题4演练测试, waiting runner...
[batch] run 93: success=True cleared=16 V=6694.158789 fallback=0
[batch] run 94: clicked 开始问题4演练测试, waiting runner...
[batch] run 94: success=True cleared=11 V=7472.458726 fallback=0
[batch] run 95: clicked 开始问题4演练测试, waiting runner...
[batch] run 95: success=True cleared=11 V=7278.815337 fallback=0
[batch] run 96: clicked 开始问题4演练测试, waiting runner...
[batch] run 96: success=True cleared=16 V=5614.87979 fallback=0
[batch] run 97: clicked 开始问题4演练测试, waiting runner...
[batch] run 97: success=True cleared=11 V=7147.188755 fallback=0
[batch] run 98: clicked 开始问题4演练测试, waiting runner...
[batch] run 98: success=True cleared=15 V=7155.909796 fallback=0
[batch] run 99: clicked 开始问题4演练测试, waiting runner...
[batch] run 99: success=True cleared=14 V=7583.706621 fallback=0
[batch] run 100: clicked 开始问题4演练测试, waiting runner...
[batch] run 100: success=True cleared=13 V=7229.355604 fallback=0
[batch] done, 100 runs, summary=D:\数学建模\B_RL\results\auto_g25orfull_p4_100_final\batch_auto_summary.json
[driver] all done
