[driver] start G25OR mode3 100
[batch] run 1: clicked 开始问题3演练测试, waiting runner...
[batch] run 1: success=True cleared=13 V=4370.130519 fallback=0
[batch] run 2: clicked 开始问题3演练测试, waiting runner...
[batch] run 2: success=True cleared=10 V=4185.914996 fallback=0
[batch] run 3: clicked 开始问题3演练测试, waiting runner...
[batch] run 3: success=True cleared=11 V=4247.544315 fallback=0
[batch] run 4: clicked 开始问题3演练测试, waiting runner...
[batch] run 4: success=True cleared=16 V=4045.721456 fallback=0
[batch] run 5: clicked 开始问题3演练测试, waiting runner...
[batch] run 5: success=True cleared=12 V=4158.796145 fallback=0
[batch] run 6: clicked 开始问题3演练测试, waiting runner...
[batch] run 6: success=True cleared=12 V=4308.676545 fallback=0
[batch] run 7: clicked 开始问题3演练测试, waiting runner...
[batch] run 7: success=True cleared=13 V=4306.928726 fallback=0
[batch] run 8: clicked 开始问题3演练测试, waiting runner...
[batch] run 8: success=True cleared=13 V=3885.324377 fallback=0
[batch] run 9: clicked 开始问题3演练测试, waiting runner...
[batch] run 9: success=True cleared=14 V=4387.983243 fallback=0
[batch] run 10: clicked 开始问题3演练测试, waiting runner...
[batch] run 10: success=True cleared=12 V=3827.194847 fallback=0
[batch] run 11: clicked 开始问题3演练测试, waiting runner...
[batch] run 11: success=True cleared=13 V=4129.313686 fallback=0
[batch] run 12: clicked 开始问题3演练测试, waiting runner...
[batch] run 12: success=True cleared=16 V=3985.233587 fallback=0
[batch] run 13: clicked 开始问题3演练测试, waiting runner...
[batch] run 13: success=True cleared=10 V=3979.279128 fallback=0
[batch] run 14: clicked 开始问题3演练测试, waiting runner...
[batch] run 14: success=True cleared=16 V=4563.11353 fallback=0
[batch] run 15: clicked 开始问题3演练测试, waiting runner...
[batch] run 15: success=True cleared=14 V=4486.995158 fallback=0
[batch] run 16: clicked 开始问题3演练测试, waiting runner...
[batch] run 16: success=True cleared=13 V=4054.48301 fallback=0
[batch] run 17: clicked 开始问题3演练测试, waiting runner...
[batch] run 17: success=True cleared=10 V=4343.641016 fallback=0
[batch] run 18: clicked 开始问题3演练测试, waiting runner...
[batch] run 18: success=True cleared=16 V=4793.064999 fallback=0
[batch] run 19: clicked 开始问题3演练测试, waiting runner...
[batch] run 19: success=True cleared=12 V=3960.38064 fallback=0
[batch] run 20: clicked 开始问题3演练测试, waiting runner...
[batch] run 20: success=True cleared=15 V=4272.258729 fallback=0
[batch] run 21: clicked 开始问题3演练测试, waiting runner...
[batch] run 21: success=True cleared=13 V=4187.324127 fallback=0
[batch] run 22: clicked 开始问题3演练测试, waiting runner...
[batch] run 22: success=True cleared=10 V=3908.780846 fallback=0
[batch] run 23: clicked 开始问题3演练测试, waiting runner...
[batch] run 23: success=True cleared=12 V=4072.850141 fallback=0
[batch] run 24: clicked 开始问题3演练测试, waiting runner...
[batch] run 24: success=True cleared=11 V=3653.942878 fallback=0
[batch] run 25: clicked 开始问题3演练测试, waiting runner...
[batch] run 25: success=True cleared=11 V=3867.104273 fallback=0
[batch] run 26: clicked 开始问题3演练测试, waiting runner...
[batch] run 26: success=True cleared=15 V=3888.308969 fallback=0
[batch] run 27: clicked 开始问题3演练测试, waiting runner...
[batch] run 27: success=True cleared=14 V=4629.012837 fallback=0
[batch] run 28: clicked 开始问题3演练测试, waiting runner...
[batch] run 28: success=True cleared=12 V=4696.65322 fallback=0
[batch] run 29: clicked 开始问题3演练测试, waiting runner...
[batch] run 29: success=True cleared=14 V=4076.820731 fallback=0
[batch] run 30: clicked 开始问题3演练测试, waiting runner...
[batch] run 30: success=True cleared=13 V=4469.485254 fallback=0
[batch] run 31: clicked 开始问题3演练测试, waiting runner...
[batch] run 31: success=True cleared=11 V=4007.524582 fallback=0
[batch] run 32: clicked 开始问题3演练测试, waiting runner...
[batch] run 32: success=True cleared=10 V=4019.333359 fallback=0
[batch] run 33: clicked 开始问题3演练测试, waiting runner...
[batch] run 33: success=True cleared=14 V=4186.014152 fallback=0
[batch] run 34: clicked 开始问题3演练测试, waiting runner...
[batch] run 34: success=True cleared=11 V=3898.090087 fallback=0
[batch] run 35: clicked 开始问题3演练测试, waiting runner...
[batch] run 35: success=True cleared=12 V=3866.166513 fallback=0
[batch] run 36: clicked 开始问题3演练测试, waiting runner...
[batch] run 36: success=True cleared=12 V=3751.502579 fallback=0
[batch] run 37: clicked 开始问题3演练测试, waiting runner...
[batch] run 37: success=True cleared=10 V=3962.164032 fallback=0
[batch] run 38: clicked 开始问题3演练测试, waiting runner...
[batch] run 38: success=True cleared=10 V=4282.34459 fallback=0
[batch] run 39: clicked 开始问题3演练测试, waiting runner...
[batch] run 39: success=True cleared=16 V=4463.483954 fallback=0
[batch] run 40: clicked 开始问题3演练测试, waiting runner...
[batch] run 40: success=True cleared=15 V=4443.281755 fallback=0
[batch] run 41: clicked 开始问题3演练测试, waiting runner...
[batch] run 41: success=True cleared=13 V=4039.827009 fallback=0
[batch] run 42: clicked 开始问题3演练测试, waiting runner...
[batch] run 42: success=True cleared=10 V=4038.362075 fallback=0
[batch] run 43: clicked 开始问题3演练测试, waiting runner...
[batch] run 43: success=True cleared=12 V=3953.868844 fallback=0
[batch] run 44: clicked 开始问题3演练测试, waiting runner...
[batch] run 44: success=True cleared=11 V=3588.348895 fallback=0
[batch] run 45: clicked 开始问题3演练测试, waiting runner...
[batch] run 45: success=True cleared=15 V=4173.396533 fallback=0
[batch] run 46: clicked 开始问题3演练测试, waiting runner...
[batch] run 46: success=True cleared=13 V=4249.307714 fallback=0
[batch] run 47: clicked 开始问题3演练测试, waiting runner...
[batch] run 47: success=True cleared=10 V=3958.25893 fallback=0
[batch] run 48: clicked 开始问题3演练测试, waiting runner...
[batch] run 48: success=True cleared=16 V=3704.162153 fallback=0
[batch] run 49: clicked 开始问题3演练测试, waiting runner...
[batch] run 49: success=True cleared=15 V=4133.050572 fallback=0
[batch] run 50: clicked 开始问题3演练测试, waiting runner...
[batch] run 50: success=True cleared=16 V=3328.842836 fallback=0
[batch] run 51: clicked 开始问题3演练测试, waiting runner...
[batch] run 51: success=True cleared=11 V=4006.130867 fallback=0
[batch] run 52: clicked 开始问题3演练测试, waiting runner...
[batch] run 52: success=True cleared=14 V=4432.134521 fallback=0
[batch] run 53: clicked 开始问题3演练测试, waiting runner...
[batch] run 53: success=True cleared=12 V=4228.832291 fallback=0
[batch] run 54: clicked 开始问题3演练测试, waiting runner...
[batch] run 54: success=True cleared=16 V=4225.003981 fallback=0
[batch] run 55: clicked 开始问题3演练测试, waiting runner...
[batch] run 55: success=True cleared=15 V=4333.906355 fallback=0
[batch] run 56: clicked 开始问题3演练测试, waiting runner...
[batch] run 56: success=True cleared=14 V=4193.44371 fallback=0
[batch] run 57: clicked 开始问题3演练测试, waiting runner...
[batch] run 57: success=True cleared=13 V=4550.576705 fallback=0
[batch] run 58: clicked 开始问题3演练测试, waiting runner...
[batch] run 58: success=True cleared=16 V=4265.000159 fallback=0
[batch] run 59: clicked 开始问题3演练测试, waiting runner...
[batch] run 59: success=True cleared=13 V=4289.597152 fallback=0
[batch] run 60: clicked 开始问题3演练测试, waiting runner...
[batch] run 60: success=True cleared=10 V=4192.169868 fallback=0
[batch] run 61: clicked 开始问题3演练测试, waiting runner...
[batch] run 61: success=True cleared=16 V=4773.064176 fallback=0
[batch] run 62: clicked 开始问题3演练测试, waiting runner...
[batch] run 62: success=True cleared=15 V=4354.105604 fallback=0
[batch] run 63: clicked 开始问题3演练测试, waiting runner...
[batch] run 63: success=True cleared=14 V=4646.470297 fallback=0
[batch] run 64: clicked 开始问题3演练测试, waiting runner...
[batch] run 64: success=True cleared=10 V=4099.610541 fallback=0
[batch] run 65: clicked 开始问题3演练测试, waiting runner...
[batch] run 65: success=True cleared=16 V=4232.160294 fallback=0
[batch] run 66: clicked 开始问题3演练测试, waiting runner...
[batch] run 66: success=True cleared=16 V=4400.089605 fallback=0
[batch] run 67: clicked 开始问题3演练测试, waiting runner...
[batch] run 67: success=True cleared=13 V=4080.518723 fallback=0
[batch] run 68: clicked 开始问题3演练测试, waiting runner...
[batch] run 68: success=True cleared=11 V=4504.83476 fallback=0
[batch] run 69: clicked 开始问题3演练测试, waiting runner...
[batch] run 69: success=True cleared=13 V=3944.723066 fallback=0
[batch] run 70: clicked 开始问题3演练测试, waiting runner...
[batch] run 70: success=True cleared=11 V=3507.65866 fallback=0
[batch] run 71: clicked 开始问题3演练测试, waiting runner...
[batch] run 71: success=True cleared=11 V=3830.963371 fallback=0
[batch] run 72: clicked 开始问题3演练测试, waiting runner...
[batch] run 72: success=True cleared=15 V=3922.104067 fallback=0
[batch] run 73: clicked 开始问题3演练测试, waiting runner...
[batch] run 73: success=True cleared=12 V=4266.055728 fallback=0
[batch] run 74: clicked 开始问题3演练测试, waiting runner...
[batch] run 74: success=True cleared=14 V=4583.311739 fallback=0
[batch] run 75: clicked 开始问题3演练测试, waiting runner...
[batch] run 75: success=True cleared=15 V=4172.332668 fallback=0
[batch] run 76: clicked 开始问题3演练测试, waiting runner...
[batch] run 76: success=True cleared=11 V=4176.462348 fallback=0
[batch] run 77: clicked 开始问题3演练测试, waiting runner...
[batch] run 77: success=True cleared=16 V=4316.772531 fallback=0
[batch] run 78: clicked 开始问题3演练测试, waiting runner...
[batch] run 78: success=True cleared=12 V=3971.888266 fallback=0
[batch] run 79: clicked 开始问题3演练测试, waiting runner...
[batch] run 79: success=True cleared=16 V=3829.0215 fallback=0
[batch] run 80: clicked 开始问题3演练测试, waiting runner...
[batch] run 80: success=True cleared=10 V=4049.872306 fallback=0
[batch] run 81: clicked 开始问题3演练测试, waiting runner...
[batch] run 81: success=True cleared=11 V=3988.149607 fallback=0
[batch] run 82: clicked 开始问题3演练测试, waiting runner...
[batch] run 82: success=True cleared=16 V=4253.75177 fallback=0
[batch] run 83: clicked 开始问题3演练测试, waiting runner...
[batch] run 83: success=True cleared=10 V=4372.105156 fallback=0
[batch] run 84: clicked 开始问题3演练测试, waiting runner...
[batch] run 84: success=True cleared=10 V=3945.083567 fallback=0
[batch] run 85: clicked 开始问题3演练测试, waiting runner...
[batch] run 85: success=True cleared=14 V=3546.926952 fallback=0
[batch] run 86: clicked 开始问题3演练测试, waiting runner...
[batch] run 86: success=True cleared=11 V=4074.661501 fallback=0
[batch] run 87: clicked 开始问题3演练测试, waiting runner...
[batch] run 87: success=True cleared=15 V=4155.857594 fallback=0
[batch] run 88: clicked 开始问题3演练测试, waiting runner...
[batch] run 88: success=True cleared=14 V=4466.365893 fallback=0
[batch] run 89: clicked 开始问题3演练测试, waiting runner...
[batch] run 89: success=True cleared=13 V=4201.101378 fallback=0
[batch] run 90: clicked 开始问题3演练测试, waiting runner...
[batch] run 90: success=True cleared=11 V=3458.784559 fallback=0
[batch] run 91: clicked 开始问题3演练测试, waiting runner...
[batch] run 91: success=True cleared=16 V=4740.141349 fallback=0
[batch] run 92: clicked 开始问题3演练测试, waiting runner...
[batch] run 92: success=True cleared=11 V=4003.16136 fallback=0
[batch] run 93: clicked 开始问题3演练测试, waiting runner...
[batch] run 93: success=True cleared=14 V=4706.94243 fallback=0
[batch] run 94: clicked 开始问题3演练测试, waiting runner...
[batch] run 94: success=True cleared=13 V=4894.767931 fallback=0
[batch] run 95: clicked 开始问题3演练测试, waiting runner...
[batch] run 95: success=True cleared=11 V=4423.727491 fallback=0
[batch] run 96: clicked 开始问题3演练测试, waiting runner...
[batch] run 96: success=True cleared=14 V=4384.183477 fallback=0
[batch] run 97: clicked 开始问题3演练测试, waiting runner...
[batch] run 97: success=True cleared=10 V=4006.908348 fallback=0
[batch] run 98: clicked 开始问题3演练测试, waiting runner...
[batch] run 98: success=True cleared=13 V=4062.305056 fallback=0
[batch] run 99: clicked 开始问题3演练测试, waiting runner...
[batch] run 99: success=True cleared=15 V=4461.892882 fallback=0
[batch] run 100: clicked 开始问题3演练测试, waiting runner...
[batch] run 100: success=True cleared=13 V=4104.90879 fallback=0
[batch] done, 100 runs, summary=D:\数学建模\B_RL\results\auto_g25or_p3_100_final\batch_auto_summary.json
[driver] start G25OR mode4 100
[batch] run 1: clicked 开始问题4演练测试, waiting runner...
[batch] run 1: success=True cleared=15 V=7826.372785 fallback=0
[batch] run 2: clicked 开始问题4演练测试, waiting runner...
[batch] run 2: success=True cleared=14 V=7697.633719 fallback=0
[batch] run 3: clicked 开始问题4演练测试, waiting runner...
[batch] run 3: success=True cleared=15 V=7272.967647 fallback=0
[batch] run 4: clicked 开始问题4演练测试, waiting runner...
[batch] run 4: success=True cleared=14 V=7600.420016 fallback=0
[batch] run 5: clicked 开始问题4演练测试, waiting runner...
[batch] run 5: success=True cleared=16 V=5592.732251 fallback=0
[batch] run 6: clicked 开始问题4演练测试, waiting runner...
[batch] run 6: success=True cleared=11 V=8224.006343 fallback=0
[batch] run 7: clicked 开始问题4演练测试, waiting runner...
[batch] run 7: success=True cleared=13 V=7302.935186 fallback=0
[batch] run 8: clicked 开始问题4演练测试, waiting runner...
[batch] run 8: success=True cleared=16 V=6327.014109 fallback=0
[batch] run 9: clicked 开始问题4演练测试, waiting runner...
[batch] run 9: success=True cleared=14 V=6983.036659 fallback=0
[batch] run 10: clicked 开始问题4演练测试, waiting runner...
[batch] run 10: success=True cleared=12 V=7169.211717 fallback=0
[batch] run 11: clicked 开始问题4演练测试, waiting runner...
[batch] run 11: success=True cleared=12 V=7466.4297 fallback=0
[batch] run 12: clicked 开始问题4演练测试, waiting runner...
[batch] run 12: success=True cleared=12 V=7295.546894 fallback=0
[batch] run 13: clicked 开始问题4演练测试, waiting runner...
[batch] run 13: success=True cleared=13 V=6776.719122 fallback=0
[batch] run 14: clicked 开始问题4演练测试, waiting runner...
[batch] run 14: success=True cleared=10 V=6890.770593 fallback=0
[batch] run 15: clicked 开始问题4演练测试, waiting runner...
[batch] run 15: success=True cleared=12 V=7627.984601 fallback=0
[batch] run 16: clicked 开始问题4演练测试, waiting runner...
[batch] run 16: success=True cleared=12 V=6906.106974 fallback=0
[batch] run 17: clicked 开始问题4演练测试, waiting runner...
[batch] run 17: success=True cleared=13 V=7692.036601 fallback=0
[batch] run 18: clicked 开始问题4演练测试, waiting runner...
[batch] run 18: success=True cleared=16 V=5291.369646 fallback=0
[batch] run 19: clicked 开始问题4演练测试, waiting runner...
[batch] run 19: success=True cleared=15 V=6697.87458 fallback=0
[batch] run 20: clicked 开始问题4演练测试, waiting runner...
[batch] run 20: success=True cleared=10 V=7116.608506 fallback=0
[batch] run 21: clicked 开始问题4演练测试, waiting runner...
[batch] run 21: success=True cleared=15 V=7047.625915 fallback=0
[batch] run 22: clicked 开始问题4演练测试, waiting runner...
[batch] run 22: success=True cleared=10 V=6933.269041 fallback=0
[batch] run 23: clicked 开始问题4演练测试, waiting runner...
[batch] run 23: success=True cleared=15 V=6879.460667 fallback=0
[batch] run 24: clicked 开始问题4演练测试, waiting runner...
[batch] run 24: success=True cleared=12 V=7135.088093 fallback=0
[batch] run 25: clicked 开始问题4演练测试, waiting runner...
[batch] run 25: success=True cleared=12 V=7037.969276 fallback=0
[batch] run 26: clicked 开始问题4演练测试, waiting runner...
[batch] run 26: success=True cleared=14 V=7520.313742 fallback=0
[batch] run 27: clicked 开始问题4演练测试, waiting runner...
[batch] run 27: success=True cleared=11 V=7013.53639 fallback=0
[batch] run 28: clicked 开始问题4演练测试, waiting runner...
[batch] run 28: success=True cleared=11 V=7150.402214 fallback=0
[batch] run 29: clicked 开始问题4演练测试, waiting runner...
[batch] run 29: success=True cleared=16 V=5165.377312 fallback=0
[batch] run 30: clicked 开始问题4演练测试, waiting runner...
[batch] run 30: success=True cleared=12 V=7051.293906 fallback=0
[batch] run 31: clicked 开始问题4演练测试, waiting runner...
[batch] run 31: success=True cleared=14 V=6982.215947 fallback=0
[batch] run 32: clicked 开始问题4演练测试, waiting runner...
[batch] run 32: success=True cleared=14 V=6817.0573 fallback=0
[batch] run 33: clicked 开始问题4演练测试, waiting runner...
[batch] run 33: success=True cleared=13 V=7967.364507 fallback=0
[batch] run 34: clicked 开始问题4演练测试, waiting runner...
[batch] run 34: success=True cleared=14 V=6738.222917 fallback=0
[batch] run 35: clicked 开始问题4演练测试, waiting runner...
[batch] run 35: success=True cleared=16 V=6704.263934 fallback=0
[batch] run 36: clicked 开始问题4演练测试, waiting runner...
[batch] run 36: success=True cleared=13 V=6653.105804 fallback=0
[batch] run 37: clicked 开始问题4演练测试, waiting runner...
[batch] run 37: success=True cleared=16 V=4790.153015 fallback=0
[batch] run 38: clicked 开始问题4演练测试, waiting runner...
[batch] run 38: success=True cleared=11 V=7387.064545 fallback=0
[batch] run 39: clicked 开始问题4演练测试, waiting runner...
[batch] run 39: success=True cleared=16 V=7180.261873 fallback=0
[batch] run 40: clicked 开始问题4演练测试, waiting runner...
[batch] run 40: success=True cleared=11 V=6986.454095 fallback=0
[batch] run 41: clicked 开始问题4演练测试, waiting runner...
[batch] run 41: success=True cleared=13 V=6883.361204 fallback=0
[batch] run 42: clicked 开始问题4演练测试, waiting runner...
[batch] run 42: success=True cleared=12 V=6894.789419 fallback=0
[batch] run 43: clicked 开始问题4演练测试, waiting runner...
[batch] run 43: success=True cleared=12 V=7032.160475 fallback=0
[batch] run 44: clicked 开始问题4演练测试, waiting runner...
[batch] run 44: success=True cleared=11 V=7025.968665 fallback=0
[batch] run 45: clicked 开始问题4演练测试, waiting runner...
[batch] run 45: success=True cleared=10 V=7454.389418 fallback=0
[batch] run 46: clicked 开始问题4演练测试, waiting runner...
[batch] run 46: success=True cleared=12 V=7241.428002 fallback=0
[batch] run 47: clicked 开始问题4演练测试, waiting runner...
[batch] run 47: success=True cleared=10 V=7763.70106 fallback=0
[batch] run 48: clicked 开始问题4演练测试, waiting runner...
[batch] run 48: success=True cleared=12 V=6860.849054 fallback=0
[batch] run 49: clicked 开始问题4演练测试, waiting runner...
[batch] run 49: success=True cleared=15 V=7222.144633 fallback=0
[batch] run 50: clicked 开始问题4演练测试, waiting runner...
[batch] run 50: success=True cleared=11 V=7324.166837 fallback=0
[batch] run 51: clicked 开始问题4演练测试, waiting runner...
[batch] run 51: success=True cleared=11 V=6827.678681 fallback=0
[batch] run 52: clicked 开始问题4演练测试, waiting runner...
[batch] run 52: success=True cleared=11 V=6669.240008 fallback=0
[batch] run 53: clicked 开始问题4演练测试, waiting runner...
[batch] run 53: success=True cleared=12 V=7738.561575 fallback=0
[batch] run 54: clicked 开始问题4演练测试, waiting runner...
[batch] run 54: success=True cleared=10 V=7027.381979 fallback=0
[batch] run 55: clicked 开始问题4演练测试, waiting runner...
[batch] run 55: success=True cleared=15 V=7662.710682 fallback=0
[batch] run 56: clicked 开始问题4演练测试, waiting runner...
[batch] run 56: success=True cleared=15 V=6927.635882 fallback=0
[batch] run 57: clicked 开始问题4演练测试, waiting runner...
[batch] run 57: success=True cleared=11 V=7157.911381 fallback=0
[batch] run 58: clicked 开始问题4演练测试, waiting runner...
[batch] run 58: success=True cleared=13 V=7210.875261 fallback=0
[batch] run 59: clicked 开始问题4演练测试, waiting runner...
[batch] run 59: success=True cleared=16 V=6134.104788 fallback=0
[batch] run 60: clicked 开始问题4演练测试, waiting runner...
[batch] run 60: success=True cleared=16 V=4080.622845 fallback=0
[batch] run 61: clicked 开始问题4演练测试, waiting runner...
[batch] run 61: success=True cleared=11 V=7370.455714 fallback=0
[batch] run 62: clicked 开始问题4演练测试, waiting runner...
[batch] run 62: success=True cleared=12 V=7146.534567 fallback=0
[batch] run 63: clicked 开始问题4演练测试, waiting runner...
[batch] run 63: success=True cleared=14 V=7927.08907 fallback=0
[batch] run 64: clicked 开始问题4演练测试, waiting runner...
[batch] run 64: success=True cleared=15 V=7027.513573 fallback=0
[batch] run 65: clicked 开始问题4演练测试, waiting runner...
[batch] run 65: success=True cleared=14 V=7453.240614 fallback=0
[batch] run 66: clicked 开始问题4演练测试, waiting runner...
[batch] run 66: success=True cleared=10 V=7139.688025 fallback=0
[batch] run 67: clicked 开始问题4演练测试, waiting runner...
[batch] run 67: success=True cleared=12 V=7372.789071 fallback=0
[batch] run 68: clicked 开始问题4演练测试, waiting runner...
[batch] run 68: success=True cleared=10 V=7377.831262 fallback=0
[batch] run 69: clicked 开始问题4演练测试, waiting runner...
[batch] run 69: success=True cleared=12 V=6941.940219 fallback=0
[batch] run 70: clicked 开始问题4演练测试, waiting runner...
[batch] run 70: success=True cleared=16 V=6541.009053 fallback=0
[batch] run 71: clicked 开始问题4演练测试, waiting runner...
[batch] run 71: success=True cleared=12 V=7299.167075 fallback=0
[batch] run 72: clicked 开始问题4演练测试, waiting runner...
[batch] run 72: success=True cleared=16 V=4118.609819 fallback=0
[batch] run 73: clicked 开始问题4演练测试, waiting runner...
[batch] run 73: success=True cleared=11 V=7405.833075 fallback=0
[batch] run 74: clicked 开始问题4演练测试, waiting runner...
[batch] run 74: success=True cleared=11 V=7269.153819 fallback=0
[batch] run 75: clicked 开始问题4演练测试, waiting runner...
[batch] run 75: success=True cleared=10 V=7408.376512 fallback=0
[batch] run 76: clicked 开始问题4演练测试, waiting runner...
[batch] run 76: success=True cleared=14 V=6976.779808 fallback=0
[batch] run 77: clicked 开始问题4演练测试, waiting runner...
[batch] run 77: success=True cleared=16 V=6951.943479 fallback=0
[batch] run 78: clicked 开始问题4演练测试, waiting runner...
[batch] run 78: success=True cleared=11 V=6579.425753 fallback=0
[batch] run 79: clicked 开始问题4演练测试, waiting runner...
[batch] run 79: success=True cleared=16 V=7403.95507 fallback=0
[batch] run 80: clicked 开始问题4演练测试, waiting runner...
[batch] run 80: success=True cleared=14 V=6833.504934 fallback=0
[batch] run 81: clicked 开始问题4演练测试, waiting runner...
[batch] run 81: success=True cleared=10 V=7298.978242 fallback=0
[batch] run 82: clicked 开始问题4演练测试, waiting runner...
[batch] run 82: success=True cleared=11 V=7414.025493 fallback=0
[batch] run 83: clicked 开始问题4演练测试, waiting runner...
[batch] run 83: success=True cleared=12 V=6720.407143 fallback=0
[batch] run 84: clicked 开始问题4演练测试, waiting runner...
[batch] run 84: success=True cleared=13 V=6864.365531 fallback=0
[batch] run 85: clicked 开始问题4演练测试, waiting runner...
[batch] run 85: success=True cleared=12 V=6981.546553 fallback=0
[batch] run 86: clicked 开始问题4演练测试, waiting runner...
[batch] run 86: success=True cleared=13 V=6541.822664 fallback=0
[batch] run 87: clicked 开始问题4演练测试, waiting runner...
[batch] run 87: success=True cleared=11 V=7036.863935 fallback=0
[batch] run 88: clicked 开始问题4演练测试, waiting runner...
[batch] run 88: success=True cleared=12 V=6649.51888 fallback=0
[batch] run 89: clicked 开始问题4演练测试, waiting runner...
[batch] run 89: success=True cleared=15 V=7421.296237 fallback=0
[batch] run 90: clicked 开始问题4演练测试, waiting runner...
[batch] run 90: success=True cleared=10 V=6503.968603 fallback=0
[batch] run 91: clicked 开始问题4演练测试, waiting runner...
[batch] run 91: success=True cleared=15 V=7011.900173 fallback=0
[batch] run 92: clicked 开始问题4演练测试, waiting runner...
[batch] run 92: success=True cleared=11 V=7246.341268 fallback=0
[batch] run 93: clicked 开始问题4演练测试, waiting runner...
[batch] run 93: success=True cleared=16 V=4176.234136 fallback=0
[batch] run 94: clicked 开始问题4演练测试, waiting runner...
[batch] run 94: success=True cleared=15 V=6740.861899 fallback=0
[batch] run 95: clicked 开始问题4演练测试, waiting runner...
[batch] run 95: success=True cleared=13 V=6744.433651 fallback=0
[batch] run 96: clicked 开始问题4演练测试, waiting runner...
[batch] run 96: success=True cleared=12 V=7460.19813 fallback=0
[batch] run 97: clicked 开始问题4演练测试, waiting runner...
[batch] run 97: success=True cleared=14 V=7594.009129 fallback=0
[batch] run 98: clicked 开始问题4演练测试, waiting runner...
[batch] run 98: success=True cleared=11 V=6482.545698 fallback=0
[batch] run 99: clicked 开始问题4演练测试, waiting runner...
[batch] run 99: success=True cleared=13 V=6913.040398 fallback=0
[batch] run 100: clicked 开始问题4演练测试, waiting runner...
[batch] run 100: success=True cleared=11 V=7340.08977 fallback=0
[batch] done, 100 runs, summary=D:\数学建模\B_RL\results\auto_g25or_p4_100_final\batch_auto_summary.json
[driver] all done
