[wait] interface not ready: network failed after retries: [WinError 10054] 远程主机强迫关闭了一个现有的连接。
[wait] interface not ready: network failed after retries: <urlopen error [WinError 10053] 你的主机中的软件中止了一个已建立的连接。>
[wait] interface not ready: network failed after retries: <urlopen error [WinError 10053] 你的主机中的软件中止了一个已建立的连接。>
[wait] interface not ready: network failed after retries: <urlopen error [WinError 10053] 你的主机中的软件中止了一个已建立的连接。>
[wait] interface not ready: network failed after retries: <urlopen error [WinError 10053] 你的主机中的软件中止了一个已建立的连接。>
[wait] interface not ready: network failed after retries: [WinError 10054] 远程主机强迫关闭了一个现有的连接。
[wait] interface not ready: network failed after retries: [WinError 10054] 远程主机强迫关闭了一个现有的连接。
[wait] interface not ready: network failed after retries: <urlopen error [WinError 10053] 你的主机中的软件中止了一个已建立的连接。>
[wait] interface not ready: network failed after retries: <urlopen error [WinError 10053] 你的主机中的软件中止了一个已建立的连接。>
[wait] interface not ready: network failed after retries: <urlopen error [WinError 10053] 你的主机中的软件中止了一个已建立的连接。>
[wait] interface not ready: network failed after retries: [WinError 10054] 远程主机强迫关闭了一个现有的连接。
[wait] interface not ready: network failed after retries: <urlopen error [WinError 10053] 你的主机中的软件中止了一个已建立的连接。>
[wait] interface not ready: network failed after retries: [WinError 10054] 远程主机强迫关闭了一个现有的连接。
[wait] interface not ready: network failed after retries: <urlopen error [WinError 10053] 你的主机中的软件中止了一个已建立的连接。>
[wait] interface not ready: network failed after retries: [WinError 10054] 远程主机强迫关闭了一个现有的连接。
[wait] interface not ready: network failed after retries: [WinError 10054] 远程主机强迫关闭了一个现有的连接。
[wait] interface not ready: network failed after retries: <urlopen error [WinError 10053] 你的主机中的软件中止了一个已建立的连接。>
[wait] interface not ready: network failed after retries: <urlopen error [WinError 10053] 你的主机中的软件中止了一个已建立的连接。>
[wait] interface not ready: network failed after retries: [WinError 10054] 远程主机强迫关闭了一个现有的连接。
[wait] interface not ready: network failed after retries: <urlopen error [WinError 10053] 你的主机中的软件中止了一个已建立的连接。>
[wait] interface not ready: network failed after retries: <urlopen error [WinError 10053] 你的主机中的软件中止了一个已建立的连接。>
[wait] interface not ready: network failed after retries: <urlopen error [WinError 10053] 你的主机中的软件中止了一个已建立的连接。>
[enter] remaining_real_duration_s=1200.0
[step 20] V=3204.0 cleared=4 absent=10 discovered=6 action=REFINE
[done] virtual_time=4804.779s cleared=10 steps=36
[log] D:\数学建模\B_RL\results\official_p3_rl.jsonl
