{
  "points": [
    [
      0,
      0
    ],
    [
      998,
      0
    ],
    [
      706,
      706
    ],
    [
      0,
      998
    ],
    [
      -706,
      706
    ],
    [
      -998,
      0
    ],
    [
      -706,
      -706
    ],
    [
      0,
      -998
    ],
    [
      706,
      -706
    ],
    [
      1866,
      0
    ],
    [
      1616,
      933
    ],
    [
      933,
      1616
    ],
    [
      0,
      1866
    ],
    [
      -933,
      1616
    ],
    [
      -1616,
      933
    ],
    [
      -1866,
      0
    ],
    [
      -1616,
      -933
    ],
    [
      -933,
      -1616
    ],
    [
      0,
      -1866
    ],
    [
      933,
      -1616
    ],
    [
      1616,
      -933
    ]
  ],
  "scale": 4,
  "max_depth": 14,
  "proof_receive_radius_m": 999,
  "verified_cells": 3832,
  "unresolved_cells": 0,
  "outside_cells": 2376,
  "visited_by_depth": {
    "0": 1,
    "1": 4,
    "2": 16,
    "3": 64,
    "4": 208,
    "5": 544,
    "6": 880,
    "7": 1248,
    "8": 1184,
    "9": 1344,
    "10": 1632,
    "11": 1088,
    "12": 48,
    "13": 16
  },
  "max_support_corner_dist": 998.7888916082317
}
wall_s 0.12169997299997704
